// Jest Snapshot v1, https://goo.gl/fbAQLP

exports[`renders without crashing 1`] = `
<main>
  <div>
    <label
      htmlFor="temp-f"
    >
      Temperature (째F)
    </label>
    <input
      id="temp-f"
      onChange={[Function]}
      placeholder="Temperature (째F)"
      type="number"
      value={0}
    />
  </div>
  <div>
    <label
      htmlFor="temp-c"
    >
      Temperature (째C)
    </label>
    <input
      id="temp-c"
      onChange={[Function]}
      placeholder="Temperature (째C)"
      type="number"
      value={0}
    />
  </div>
</main>
`;
